Erreur lexicale (1:5) caractere _
Erreur lexicale (6:6) caractere $
